=== DockOnSurf batch_q_sys supported values ===
/home/yongsang/PSID_SIMULATION_TOOLS/DockOnSurf/dockonsurf/src/dockonsurf/calculation.py:    if inp_vars['batch_q_sys']:
/home/yongsang/PSID_SIMULATION_TOOLS/DockOnSurf/dockonsurf/src/dockonsurf/calculation.py:        logger.info(f"Running {run_type} calculation with {inp_vars['code']} on {inp_vars['batch_q_sys']}.")
/home/yongsang/PSID_SIMULATION_TOOLS/DockOnSurf/dockonsurf/src/dockonsurf/calculation.py:    queue_settings = queue_systems.get(inp_vars['batch_q_sys'])
/home/yongsang/PSID_SIMULATION_TOOLS/DockOnSurf/dockonsurf/src/dockonsurf/calculation.py:    elif inp_vars['batch_q_sys'] == 'local':
/home/yongsang/PSID_SIMULATION_TOOLS/DockOnSurf/dockonsurf/src/dockonsurf/calculation.py:    elif not inp_vars['batch_q_sys']:
/home/yongsang/PSID_SIMULATION_TOOLS/DockOnSurf/dockonsurf/src/dockonsurf/calculation.py:        err_msg = f"Unknown batch queue system: {inp_vars['batch_q_sys']}."
/home/yongsang/PSID_SIMULATION_TOOLS/DockOnSurf/dockonsurf/src/dockonsurf/dos_input.py:get_batch_q_sys: Gets 'batch_q_sys' value and checks that its value is acceptable.
/home/yongsang/PSID_SIMULATION_TOOLS/DockOnSurf/dockonsurf/src/dockonsurf/dos_input.py:def get_batch_q_sys():
/home/yongsang/PSID_SIMULATION_TOOLS/DockOnSurf/dockonsurf/src/dockonsurf/dos_input.py:    batch_q_sys_vals = ['sge', 'slurm', 'lsf', 'irene', 'local'] + turn_false_answers
/home/yongsang/PSID_SIMULATION_TOOLS/DockOnSurf/dockonsurf/src/dockonsurf/dos_input.py:    check_expect_val(dos_inp.get('Global', 'batch_q_sys').lower(),
/home/yongsang/PSID_SIMULATION_TOOLS/DockOnSurf/dockonsurf/src/dockonsurf/dos_input.py:                     batch_q_sys_vals)
/home/yongsang/PSID_SIMULATION_TOOLS/DockOnSurf/dockonsurf/src/dockonsurf/dos_input.py:    batch_q_sys = dos_inp.get('Global', 'batch_q_sys').lower()
/home/yongsang/PSID_SIMULATION_TOOLS/DockOnSurf/dockonsurf/src/dockonsurf/dos_input.py:    if batch_q_sys.lower() in turn_false_answers:
/home/yongsang/PSID_SIMULATION_TOOLS/DockOnSurf/dockonsurf/src/dockonsurf/dos_input.py:        return batch_q_sys
/home/yongsang/PSID_SIMULATION_TOOLS/DockOnSurf/dockonsurf/src/dockonsurf/dos_input.py:    glob_mand_opts = ['run_type', 'code', 'batch_q_sys']
/home/yongsang/PSID_SIMULATION_TOOLS/DockOnSurf/dockonsurf/src/dockonsurf/dos_input.py:    inp_vars['batch_q_sys'] = get_batch_q_sys()
/home/yongsang/PSID_SIMULATION_TOOLS/DockOnSurf/dockonsurf/src/dockonsurf/dos_input.py:    if inp_vars['batch_q_sys']:
/home/yongsang/PSID_SIMULATION_TOOLS/DockOnSurf/dockonsurf/src/dockonsurf/dos_input.py:        if inp_vars['batch_q_sys'] != 'local':
/home/yongsang/PSID_SIMULATION_TOOLS/DockOnSurf/dockonsurf/src/dockonsurf/isolated.py:    if inp_vars["batch_q_sys"]:
/home/yongsang/PSID_SIMULATION_TOOLS/DockOnSurf/dockonsurf/src/dockonsurf/refinement.py:    if inp_vars["batch_q_sys"]:
/home/yongsang/PSID_SIMULATION_TOOLS/DockOnSurf/dockonsurf/src/dockonsurf/screening.py:    if inp_vars["batch_q_sys"]:

=== isolated.py main function ===
"""Functions to generate the conformers to be adsorbed and the most stable one.

functions:
remove_C_linked_Hs: Removes hydrogens bonded to a carbon atom from a molecule.
gen_confs: Generate a number of conformers in random orientations.
get_moments_of_inertia: Computes moments of inertia of the given conformers.
get_moments_of_inertia: Computes the moments of inertia of the given conformers.
pre_opt_confs: Optimizes the geometry of the given conformers and returns the
    new mol object and the energies of its conformers.
run_isolated: directs the execution of functions to achieve the goal
"""
import logging

import numpy as np
import rdkit.Chem.AllChem as Chem

logger = logging.getLogger('DockOnSurf')


def remove_C_linked_Hs(mol: Chem.rdchem.Mol):
    """Removes hydrogen atoms bonded to a carbon atom from a rdkit mol object.

    @param mol: rdkit mol object of the molecule with hydrogen atoms.
    @return: rdkit mol object of the molecule without hydrogen atoms linked to
    a carbon atom.

    The functions removes the hydrogen atoms bonded to carbon atoms while
    keeping the ones bonded to other atoms or non-bonded at all.
    """

    mol = Chem.RWMol(mol)
    rev_atm_idxs = [atom.GetIdx() for atom in reversed(mol.GetAtoms())]

    for atm_idx in rev_atm_idxs:
        atom = mol.GetAtomWithIdx(atm_idx)
        if atom.GetAtomicNum() != 1:
            continue
        for neigh in atom.GetNeighbors():
            if neigh.GetAtomicNum() == 6:
                mol.RemoveAtom(atom.GetIdx())
    return mol


def gen_confs(mol: Chem.rdchem.Mol, num_confs: int):
    """Generate conformers in random orientations.

    @param mol: rdkit mol object of the molecule to be adsorbed.
    @param num_confs: number of conformers to randomly generate.
    @return: mol: rdkit mol object containing the different conformers.
             rmsd_mtx: Matrix with the rmsd values of conformers.

    Using the rdkit library, conformers are randomly generated. If structures 
    are required to be local minima, ie. setting the 'local_min' value to 
    True, a geometry optimisation using UFF is performed.
    """
    logger.debug('Generating Conformers.')

    mol = Chem.AddHs(mol)
    Chem.EmbedMultipleConfs(mol, numConfs=num_confs, numThreads=0,
                            randomSeed=5817216)
    Chem.AlignMolConformers(mol)
    logger.info(f'Generated {len(mol.GetConformers())} conformers.')
    return mol


def get_moments_of_inertia(mol: Chem.rdchem.Mol):
    """Computes the moments of inertia of the given conformers.

    @param mol: rdkit mol object of the relevant molecule.
    @return numpy array 2D: The inner array contains the moments of inertia for
    the three principal axis of a given conformer. They are ordered by its value
    in ascending order. The outer tuple loops over the conformers.
    """
    from rdkit.Chem.Descriptors3D import PMI1, PMI2, PMI3

    return np.array([[PMI(mol, confId=conf) for PMI in (PMI1, PMI2, PMI3)]
                     for conf in range(mol.GetNumConformers())])


def pre_opt_confs(mol: Chem.rdchem.Mol, force_field='mmff', max_iters=2000):
    """Optimizes the geometry of the given conformers and returns the new mol
    object and the energies of its conformers.

    @param mol: rdkit mol object of the relevant molecule.
    @param force_field: Force Field to use for the pre-optimization.
    @param max_iters: Maximum number of geometry optimization iterations. With 0
    a single point energy calculation is performed and only the conformer
    energies are returned.
    @return mol: rdkit mol object of the optimized molecule.
    @return numpy.ndarray: Array with the energies of the optimized conformers.

    The MMFF and UFF force fields can be used for the geometry optimization in
    their rdkit implementation. With max_iters value set to 0, a single point
    energy calculation is performed and only the energies are returned. For
    values larger than 0, if the geometry does not converge for a certain
    conformer, the latter is removed from the list of conformers and its energy
    is not included in the returned list.
    """
    from rdkit.Chem.rdForceFieldHelpers import MMFFOptimizeMoleculeConfs, \
        UFFOptimizeMoleculeConfs

=== Checking for 'local' support ===
/home/yongsang/PSID_SIMULATION_TOOLS/DockOnSurf/dockonsurf/src/dockonsurf/calculation.py:    elif inp_vars['batch_q_sys'] == 'local':
/home/yongsang/PSID_SIMULATION_TOOLS/DockOnSurf/dockonsurf/src/dockonsurf/dos_input.py:    batch_q_sys_vals = ['sge', 'slurm', 'lsf', 'irene', 'local'] + turn_false_answers
/home/yongsang/PSID_SIMULATION_TOOLS/DockOnSurf/dockonsurf/src/dockonsurf/dos_input.py:        if inp_vars['batch_q_sys'] != 'local':
