==========================================
Installing MACE in equiformer_v2 environment
Date: Thu Jan 29 03:21:47 KST 2026
==========================================

[1] Current Environment Check
-----------------------------
PyTorch: 1.13.1, CUDA: True
ASE: 3.21.1

[2] Installing MACE
-------------------
Collecting mace-torch
  Downloading mace_torch-0.3.14-py3-none-any.whl (237 kB)
     ━━━━━━━━━━━━━━━━━━━━━━━━━━━━━━━━━━━━━━━━ 237.1/237.1 kB 5.7 MB/s eta 0:00:00
Installing collected packages: mace-torch
Successfully installed mace-torch-0.3.14

[3] Verifying MACE Installation
-------------------------------
Traceback (most recent call last):
  File "<string>", line 2, in <module>
  File "/home/yongsang/anaconda3/envs/equiformer_v2/lib/python3.8/site-packages/mace/calculators/__init__.py", line 1, in <module>
    from .foundations_models import mace_anicc, mace_mp, mace_off, mace_omol
  File "/home/yongsang/anaconda3/envs/equiformer_v2/lib/python3.8/site-packages/mace/calculators/foundations_models.py", line 10, in <module>
    from mace.tools.utils import get_cache_dir
  File "/home/yongsang/anaconda3/envs/equiformer_v2/lib/python3.8/site-packages/mace/tools/__init__.py", line 20, in <module>
    from .train import SWAContainer, evaluate, train
  File "/home/yongsang/anaconda3/envs/equiformer_v2/lib/python3.8/site-packages/mace/tools/train.py", line 22, in <module>
    from torch_ema import ExponentialMovingAverage
ModuleNotFoundError: No module named 'torch_ema'
cuequivariance or cuequivariance_torch is not available. Cuequivariance acceleration will be disabled.
