==========================================
Ionic Liquid (EMIM+) MACE Test
Date: Thu Jan 29 04:20:07 KST 2026
==========================================

[1] EMIM+ structure:
12
1-Ethyl-3-methylimidazolium cation [EMIM]+
C   0.000000   0.000000   0.000000
N   1.329000   0.000000   0.000000
C   1.990000   1.199000   0.000000
N   1.159000   2.254000   0.000000
C  -0.105000   1.784000   0.000000
C   2.785000   0.000000   0.000000
H   3.310000  -0.918000   0.000000
H   3.310000   0.918000   0.000000
C   1.556000   3.657000   0.000000
H   0.653000   4.259000   0.000000
H   2.234000   3.899000   0.850000
H   2.234000   3.899000  -0.850000

[2] Running MACE optimization on EMIM+...
cuequivariance or cuequivariance_torch is not available. Cuequivariance acceleration will be disabled.
Device: cuda
Using Materials Project MACE for MACECalculator with /home/yongsang/.cache/mace/20231203mace128L1_epoch199model
Using float32 for MACECalculator, which is faster but less accurate. Recommended for MD. Use float64 for geometry optimization.
Using head Default out of ['Default']
Default dtype float32 does not match model dtype float64, converting models to float32.

Initial structure: 12 atoms
Formula: C5H5N2
Initial energy: -69.1047 eV

Optimizing...

Final energy: -75.6784 eV
Steps: 25
Energy change: -6573.71 meV

Saved: emim_optimized.xyz
Max force: 0.039265 eV/Å

==========================================
[3] Results:
total 48
drwxrwxr-x  2 yongsang yongsang  4096 Jan 29 04:20 .
drwxrwxr-x 10 yongsang yongsang  4096 Jan 29 04:20 ..
-rw-rw-r--  1 yongsang yongsang  1635 Jan 29 04:20 emim_optimized.xyz
-rw-rw-r--  1 yongsang yongsang   466 Jan 29 04:20 emim.xyz
-rw-rw-r--  1 yongsang yongsang  1402 Jan 29 04:20 opt.log
-rw-rw-r--  1 yongsang yongsang 25976 Jan 29 04:20 opt.traj

=== Optimized structure ===
12
Properties=species:S:1:pos:R:3:forces:R:3 1-Ethyl-3-methylimidazolium=T cation=T EMIM+=T energy=-75.6784439086914 free_energy=-75.6784439086914 stress="2.5584961704794296e-08 2.601100446142368e-09 -2.7031647048796764e-14 2.601100446142368e-09 -2.248687280825834e-08 1.7526753863817963e-15 -2.7031647048796764e-14 1.7526753863817963e-15 -9.445595416934793e-10" pbc="F F F"
C        0.02580282       0.30002426      -0.00000000       0.00961658       0.00176108       0.00000001
N        0.96882257      -0.55594241       0.00000000       0.00984389      -0.00167382      -0.00000001
C        2.49439244       1.27149429       0.00000000       0.01844880      -0.03466091       0.00000002
N        1.40731585       2.12782082       0.00000001       0.02645981      -0.01808190      -0.00000015
C        0.14484818       1.63523996      -0.00000000      -0.00432537      -0.00389779       0.00000004
C        2.26511426      -0.09619786      -0.00000000      -0.00317399       0.01700112       0.00000002
H        3.06643124      -0.82727533       0.00000000      -0.01672594       0.00928211      -0.00000000
H        3.48909726       1.71476021       0.00000000      -0.02892256      -0.02497981      -0.00000000
C        1.61371634       3.57949235      -0.00000002      -0.00064813      -0.00927684       0.00000009
H        0.62535798       4.03867164       0.00000001      -0.00172282       0.00016853      -0.00000009
H        2.17705057       3.88145596       0.88960505      -0.00442510       0.03217906       0.00183368
H        2.17705055       3.88145598      -0.88960504      -0.00442518       0.03217910      -0.00183360
==========================================
