==========================================
Checking DockOnSurf Generated Conformers
==========================================

Conformer directories:
total 12
drwxrwxr-x 3 yongsang yongsang 4096 Jan 29 04:12 .
drwxrwxr-x 3 yongsang yongsang 4096 Jan 29 04:12 ..
drwxrwxr-x 2 yongsang yongsang 4096 Jan 29 04:12 conf_0

=== Conformer files ===

--- conf_0 ---
total 20
drwxrwxr-x 2 yongsang yongsang 4096 Jan 29 04:12 .
drwxrwxr-x 3 yongsang yongsang 4096 Jan 29 04:12 ..
-rwxr-xr-x 1 yongsang yongsang 2830 Jan 29 04:12 run_opt.py
-rw-rw-r-- 1 yongsang yongsang  493 Jan 29 04:12 struct_0.gen
-rwxrwxr-x 1 yongsang yongsang 1614 Jan 29 04:12 sub_mace.sh

==========================================
Running MACE optimization on all conformers...
==========================================
cuequivariance or cuequivariance_torch is not available. Cuequivariance acceleration will be disabled.
Device: cuda
Using Materials Project MACE for MACECalculator with /home/yongsang/.cache/mace/20231203mace128L1_epoch199model
Using float32 for MACECalculator, which is faster but less accurate. Recommended for MD. Use float64 for geometry optimization.
Using head Default out of ['Default']
Default dtype float32 does not match model dtype float64, converting models to float32.

=== Processing conf_0 ===
  Input: struct_0.gen
  Initial energy: -30.1889 eV
  Final energy: -30.2080 eV (9 steps)

==================================================
Results sorted by energy:
==================================================
1. conf_0: -30.2080 eV (Δ = 0.0 meV)

✅ Most stable: conf_0 (-30.2080 eV)

==========================================
Optimization completed!
==========================================
