==========================================
Manual Screening Pipeline
Surface: Cu(111)
Molecule: Methanol
Date: Thu Jan 29 04:56:36 KST 2026
==========================================

============================================
Surface Adsorption Screening with MACE
============================================
cuequivariance or cuequivariance_torch is not available. Cuequivariance acceleration will be disabled.
Device: cuda
Using Materials Project MACE for MACECalculator with /home/yongsang/.cache/mace/20231203mace128L1_epoch199model
Using float32 for MACECalculator, which is faster but less accurate. Recommended for MD. Use float64 for geometry optimization.
Using head Default out of ['Default']
Default dtype float32 does not match model dtype float64, converting models to float32.
Surface: 6 atoms (Cu6)
Molecule: 6 atoms (CH4O)
Top layer atoms: [3, 4, 5]

=== site0_rot0 ===
  Site: (1.28, 0.74)
  Rotation: 0°
  Initial E: -45.8814 eV
  Final E: -46.1494 eV (34 steps)
  E_ads: -1.1219 eV
  Write warning: could not broadcast input array from shape (6,) into shape (12,)

=== site0_rot45 ===
  Site: (1.28, 0.74)
  Rotation: 45°
  Initial E: -45.8419 eV
  Final E: -46.1436 eV (30 steps)
  E_ads: -1.1161 eV
  Write warning: could not broadcast input array from shape (6,) into shape (12,)

=== site0_rot90 ===
  Site: (1.28, 0.74)
  Rotation: 90°
  Initial E: -45.8204 eV
  Final E: -46.2090 eV (46 steps)
  E_ads: -1.1815 eV
  Write warning: could not broadcast input array from shape (6,) into shape (12,)

=== site0_rot135 ===
  Site: (1.28, 0.74)
  Rotation: 135°
  Initial E: -45.7731 eV
  Final E: -46.2260 eV (47 steps)
  E_ads: -1.1985 eV
  Write warning: could not broadcast input array from shape (6,) into shape (12,)

=== site1_rot0 ===
  Site: (3.83, 0.74)
  Rotation: 0°
  Initial E: -45.7670 eV
  Final E: -46.2856 eV (65 steps)
  E_ads: -1.2581 eV
  Write warning: could not broadcast input array from shape (6,) into shape (12,)

=== site1_rot45 ===
  Site: (3.83, 0.74)
  Rotation: 45°
  Initial E: -45.8950 eV
  Final E: -46.2670 eV (77 steps)
  E_ads: -1.2395 eV
  Write warning: could not broadcast input array from shape (6,) into shape (12,)

=== site1_rot90 ===
  Site: (3.83, 0.74)
  Rotation: 90°
  Initial E: -45.8417 eV
  Final E: -46.2485 eV (79 steps)
  E_ads: -1.2209 eV
  Write warning: could not broadcast input array from shape (6,) into shape (12,)

=== site1_rot135 ===
  Site: (3.83, 0.74)
  Rotation: 135°
  Initial E: -45.8477 eV
  Final E: -46.1295 eV (37 steps)
  E_ads: -1.1020 eV
  Write warning: could not broadcast input array from shape (6,) into shape (12,)

=== site2_rot0 ===
  Site: (2.56, 2.95)
  Rotation: 0°
  Initial E: -45.7595 eV
  Final E: -46.2514 eV (45 steps)
  E_ads: -1.2238 eV
  Write warning: could not broadcast input array from shape (6,) into shape (12,)

=== site2_rot45 ===
  Site: (2.56, 2.95)
  Rotation: 45°
  Initial E: -45.2032 eV
  Final E: -46.2695 eV (44 steps)
  E_ads: -1.2420 eV
  Write warning: could not broadcast input array from shape (6,) into shape (12,)

=== site2_rot90 ===
  Site: (2.56, 2.95)
  Rotation: 90°
  Initial E: -45.4137 eV
  Final E: -46.2870 eV (49 steps)
  E_ads: -1.2594 eV
  Write warning: could not broadcast input array from shape (6,) into shape (12,)

=== site2_rot135 ===
  Site: (2.56, 2.95)
  Rotation: 135°
  Initial E: -45.9981 eV
  Final E: -46.3648 eV (49 steps)
  E_ads: -1.3373 eV
  Write warning: could not broadcast input array from shape (6,) into shape (12,)

============================================================
RESULTS: Sorted by Adsorption Energy
============================================================
 1. site2_rot135    E_ads =  -1.3373 eV
 2. site2_rot90     E_ads =  -1.2594 eV
 3. site1_rot0      E_ads =  -1.2581 eV
 4. site2_rot45     E_ads =  -1.2420 eV
 5. site1_rot45     E_ads =  -1.2395 eV
 6. site2_rot0      E_ads =  -1.2238 eV
 7. site1_rot90     E_ads =  -1.2209 eV
 8. site0_rot135    E_ads =  -1.1985 eV
 9. site0_rot90     E_ads =  -1.1815 eV
10. site0_rot0      E_ads =  -1.1219 eV
11. site0_rot45     E_ads =  -1.1161 eV
12. site1_rot135    E_ads =  -1.1020 eV

✅ Most stable: site2_rot135 (E_ads = -1.3373 eV)

📊 Results saved to: results.csv

==========================================
Results:
total 24
drwxrwxr-x  3 yongsang yongsang 4096 Jan 29 04:56 .
drwxrwxr-x 11 yongsang yongsang 4096 Jan 29 04:56 ..
-rw-rw-r--  1 yongsang yongsang  257 Jan 29 04:56 molecule.xyz
-rw-rw-r--  1 yongsang yongsang  531 Jan 29 04:56 results.csv
drwxrwxr-x  2 yongsang yongsang 4096 Jan 29 04:56 structures
-rw-rw-r--  1 yongsang yongsang  201 Jan 29 04:56 surface.xyz

=== Generated Structures ===
total 64
drwxrwxr-x 2 yongsang yongsang 4096 Jan 29 04:56 .
drwxrwxr-x 3 yongsang yongsang 4096 Jan 29 04:56 ..
-rw-rw-r-- 1 yongsang yongsang 1870 Jan 29 04:56 site0_rot0_opt.log
-rw-rw-r-- 1 yongsang yongsang    0 Jan 29 04:56 site0_rot0.xyz
-rw-rw-r-- 1 yongsang yongsang 2546 Jan 29 04:56 site0_rot135_opt.log
-rw-rw-r-- 1 yongsang yongsang    0 Jan 29 04:56 site0_rot135.xyz
-rw-rw-r-- 1 yongsang yongsang 1662 Jan 29 04:56 site0_rot45_opt.log
-rw-rw-r-- 1 yongsang yongsang    0 Jan 29 04:56 site0_rot45.xyz
-rw-rw-r-- 1 yongsang yongsang 2494 Jan 29 04:56 site0_rot90_opt.log
-rw-rw-r-- 1 yongsang yongsang    0 Jan 29 04:56 site0_rot90.xyz
-rw-rw-r-- 1 yongsang yongsang 3482 Jan 29 04:56 site1_rot0_opt.log
-rw-rw-r-- 1 yongsang yongsang    0 Jan 29 04:56 site1_rot0.xyz
-rw-rw-r-- 1 yongsang yongsang 2026 Jan 29 04:56 site1_rot135_opt.log
-rw-rw-r-- 1 yongsang yongsang    0 Jan 29 04:56 site1_rot135.xyz
-rw-rw-r-- 1 yongsang yongsang 4106 Jan 29 04:56 site1_rot45_opt.log
-rw-rw-r-- 1 yongsang yongsang    0 Jan 29 04:56 site1_rot45.xyz
-rw-rw-r-- 1 yongsang yongsang 4210 Jan 29 04:56 site1_rot90_opt.log
-rw-rw-r-- 1 yongsang yongsang    0 Jan 29 04:56 site1_rot90.xyz
-rw-rw-r-- 1 yongsang yongsang 2442 Jan 29 04:56 site2_rot0_opt.log
-rw-rw-r-- 1 yongsang yongsang    0 Jan 29 04:56 site2_rot0.xyz
-rw-rw-r-- 1 yongsang yongsang 2650 Jan 29 04:56 site2_rot135_opt.log
-rw-rw-r-- 1 yongsang yongsang    0 Jan 29 04:56 site2_rot135.xyz
-rw-rw-r-- 1 yongsang yongsang 2390 Jan 29 04:56 site2_rot45_opt.log
-rw-rw-r-- 1 yongsang yongsang    0 Jan 29 04:56 site2_rot45.xyz
-rw-rw-r-- 1 yongsang yongsang 2650 Jan 29 04:56 site2_rot90_opt.log
-rw-rw-r-- 1 yongsang yongsang    0 Jan 29 04:56 site2_rot90.xyz

=== Results CSV ===
name,site_idx,angle,energy,e_ads,steps
site2_rot135,2,135,-46.364803,-1.337273,49
site2_rot90,2,90,-46.286953,-1.259422,49
site1_rot0,1,0,-46.285583,-1.258053,65
site2_rot45,2,45,-46.269482,-1.241951,44
site1_rot45,1,45,-46.267044,-1.239513,77
site2_rot0,2,0,-46.251377,-1.223846,45
site1_rot90,1,90,-46.248463,-1.220932,79
site0_rot135,0,135,-46.226006,-1.198475,47
site0_rot90,0,90,-46.209023,-1.181492,46
site0_rot0,0,0,-46.149403,-1.121872,34
site0_rot45,0,45,-46.143597,-1.116066,30
site1_rot135,1,135,-46.129547,-1.102016,37
==========================================
